Microchip MPLAB XC8 Compiler V1.42 ()

Linker command line:

-W-3 --edf=C:\Program Files (x86)\Microchip\xc8\v1.42\dat\en_msgs.txt -cs \
  -h+dist/default/production\main.X.production.sym \
  --cmf=dist/default/production\main.X.production.cmf -z -Q16F1938 \
  -oC:\Users\labo03\AppData\Local\Temp\s9jk.2 \
  -Mdist/default/production/main.X.production.map -E1 -ver=XC8 --acfsm=1493 \
  -ASTACK=0203Dh-023efh -pstack=STACK -ACODE=00h-07FFhx8 \
  -ASTRCODE=00h-03FFFh -ASTRING=00h-0FFhx64 -ACONST=00h-0FFhx64 \
  -AENTRY=00h-0FFhx64 -ACOMMON=070h-07Fh -ABANK0=020h-06Fh \
  -ABANK1=0A0h-0EFh -ABANK2=0120h-016Fh -ABANK3=01A0h-01EFh \
  -ABANK4=0220h-026Fh -ABANK5=02A0h-02EFh -ABANK6=0320h-036Fh \
  -ABANK7=03A0h-03EFh -ABANK8=0420h-046Fh -ABANK9=04A0h-04EFh \
  -ABANK10=0520h-056Fh -ABANK11=05A0h-05EFh -ABANK12=0620h-064Fh \
  -ABIGRAM=02000h-023EFh \
  -ARAM=020h-06Fh,0A0h-0EFh,0120h-016Fh,01A0h-01EFh,0220h-026Fh,02A0h-02EFh,0320h-036Fh,03A0h-03EFh,0420h-046Fh,04A0h-04EFh,0520h-056Fh,05A0h-05EFh,0620h-064Fh \
  -AABS1=020h-07Fh,0A0h-0EFh,0120h-016Fh,01A0h-01EFh,0220h-026Fh,02A0h-02EFh,0320h-036Fh,03A0h-03EFh,0420h-046Fh,04A0h-04EFh,0520h-056Fh,05A0h-05EFh,0620h-064Fh \
  -ASFR0=00h-01Fh -ASFR1=080h-09Fh -ASFR2=0100h-011Fh -ASFR3=0180h-019Fh \
  -ASFR4=0200h-021Fh -ASFR5=0280h-029Fh -ASFR6=0300h-031Fh \
  -ASFR7=0380h-039Fh -ASFR8=0400h-041Fh -ASFR9=0480h-049Fh \
  -ASFR10=0500h-051Fh -ASFR11=0580h-059Fh -ASFR12=0600h-061Fh \
  -ASFR13=0680h-06EFh -ASFR14=0700h-076Fh -ASFR15=0780h-07EFh \
  -ASFR16=0800h-086Fh -ASFR17=0880h-08EFh -ASFR18=0900h-096Fh \
  -ASFR19=0980h-09EFh -ASFR20=0A00h-0A6Fh -ASFR21=0A80h-0AEFh \
  -ASFR22=0B00h-0B6Fh -ASFR23=0B80h-0BEFh -ASFR24=0C00h-0C6Fh \
  -ASFR25=0C80h-0CEFh -ASFR26=0D00h-0D6Fh -ASFR27=0D80h-0DEFh \
  -ASFR28=0E00h-0E6Fh -ASFR29=0E80h-0EEFh -ASFR30=0F00h-0F6Fh \
  -ASFR31=0F80h-0FEFh -preset_vec=00h,intentry,init,end_init -ppowerup=CODE \
  -pcinit=CODE -pfunctab=CODE -ACONFIG=08007h-08008h -pconfig=CONFIG \
  -DCONFIG=2 -AIDLOC=08000h-08003h -pidloc=IDLOC -DIDLOC=2 \
  -AEEDATA=00h-0FFh/0F000h -peeprom_data=EEDATA -DEEDATA=2 -DCODE=2 \
  -DSTRCODE=2 -DSTRING=2 -DCONST=2 -DENTRY=2 -k \
  C:\Users\labo03\AppData\Local\Temp\s9jk.obj \
  dist/default/production\main.X.production.obj 

Object code version is 3.11

Machine type is 16F1938



                Name                               Link     Load   Length Selector   Space Scale
C:\Users\labo03\AppData\Local\Temp\s9jk.obj
                end_init                              2        2        2        0       0
                reset_vec                             0        0        2        0       0
                config                             8007     8007        2    1000E       0
dist/default/production\main.X.production.obj
                cinit                               7E8      7E8       18      FD0       0
                text20                              377      377       18      6EE       0
                text19                              363      363       14      6C6       0
                text18                              425      425       40      84A       0
                text17                              3C9      3C9       2C      792       0
                text16                              38F      38F       1A      71E       0
                text15                              350      350       13      6A0       0
                text14                              5DA      5DA       6E      BB4       0
                text13                              6B6      6B6       99      D6C       0
                text12                              648      648       6E      C90       0
                text11                              74F      74F       99      E9E       0
                text10                              327      327        8      64E       0
                text9                               465      465       44      8CA       0
                text8                               33E      33E       12      67C       0
                text7                               588      588       52      B10       0
                text6                               4A9      4A9       44      952       0
                text5                               31B      31B        6      636       0
                text4                               537      537       51      A6E       0
                text3                               32F      32F        F      65E       0
                text2                               3A9      3A9       20      752       0
                text1                               4ED      4ED       4A      9DA       0
                maintext                            317      317        4      62E       0
                cstackBANK0                          58       58        5       20       1
                cstackCOMMON                         70       70        C       70       1
                inittext                            321      321        6      642       0
                dataBANK0                            20       20       30       20       1
                bssBANK0                             50       50        8       20       1
                bssCOMMON                            7C       7C        2       70       1
                stringtext11                        850      850        4     1000       0
                stringtext10                        84C      84C        4     1000       0
                stringtext9                         846      846        6     1000       0
                stringtext8                         840      840        6     1000       0
                stringtext7                         839      839        7     1000       0
                stringtext6                         830      830        9     1000       0
                stringtext5                         827      827        9     1000       0
                stringtext4                         81E      81E        9     1000       0
                stringtext3                         815      815        9     1000       0
                stringtext2                         80B      80B        A     1000       0
                stringtext1                         800      800        B     1000       0
                idataBANK0                          3F5      3F5       30      7EA       0

TOTAL           Name                               Link     Load   Length     Space
        CLASS   STACK          

        CLASS   CODE           
                end_init                              2        2        2         0
                cinit                               7E8      7E8       18         0
                reset_vec                             0        0        2         0
                text20                              377      377       18         0
                text19                              363      363       14         0
                text18                              425      425       40         0
                text17                              3C9      3C9       2C         0
                text16                              38F      38F       1A         0
                text15                              350      350       13         0
                text14                              5DA      5DA       6E         0
                text13                              6B6      6B6       99         0
                text12                              648      648       6E         0
                text11                              74F      74F       99         0
                text10                              327      327        8         0
                text9                               465      465       44         0
                text8                               33E      33E       12         0
                text7                               588      588       52         0
                text6                               4A9      4A9       44         0
                text5                               31B      31B        6         0
                text4                               537      537       51         0
                text3                               32F      32F        F         0
                text2                               3A9      3A9       20         0
                text1                               4ED      4ED       4A         0
                maintext                            317      317        4         0
                inittext                            321      321        6         0
                idataBANK0                          3F5      3F5       30         0

        CLASS   STRCODE        
                stringtext11                        850      850        4         0
                stringtext10                        84C      84C        4         0
                stringtext9                         846      846        6         0
                stringtext8                         840      840        6         0
                stringtext7                         839      839        7         0
                stringtext6                         830      830        9         0
                stringtext5                         827      827        9         0
                stringtext4                         81E      81E        9         0
                stringtext3                         815      815        9         0
                stringtext2                         80B      80B        A         0
                stringtext1                         800      800        B         0

        CLASS   STRING         

        CLASS   CONST          

        CLASS   ENTRY          

        CLASS   COMMON         
                cstackCOMMON                         70       70        C         1
                bssCOMMON                            7C       7C        2         1

        CLASS   BANK0          
                cstackBANK0                          58       58        5         1
                dataBANK0                            20       20       30         1
                bssBANK0                             50       50        8         1

        CLASS   BANK1          

        CLASS   BANK2          

        CLASS   BANK3          

        CLASS   BANK4          

        CLASS   BANK5          

        CLASS   BANK6          

        CLASS   BANK7          

        CLASS   BANK8          

        CLASS   BANK9          

        CLASS   BANK10         

        CLASS   BANK11         

        CLASS   BANK12         

        CLASS   BIGRAM         

        CLASS   RAM            

        CLASS   ABS1           
                abs_s1                               7E       7E        2         1

        CLASS   SFR0           

        CLASS   SFR1           

        CLASS   SFR2           

        CLASS   SFR3           

        CLASS   SFR4           

        CLASS   SFR5           

        CLASS   SFR6           

        CLASS   SFR7           

        CLASS   SFR8           

        CLASS   SFR9           

        CLASS   SFR10          

        CLASS   SFR11          

        CLASS   SFR12          

        CLASS   SFR13          

        CLASS   SFR14          

        CLASS   SFR15          

        CLASS   SFR16          

        CLASS   SFR17          

        CLASS   SFR18          

        CLASS   SFR19          

        CLASS   SFR20          

        CLASS   SFR21          

        CLASS   SFR22          

        CLASS   SFR23          

        CLASS   SFR24          

        CLASS   SFR25          

        CLASS   SFR26          

        CLASS   SFR27          

        CLASS   SFR28          

        CLASS   SFR29          

        CLASS   SFR30          

        CLASS   SFR31          

        CLASS   CONFIG         
                config                             8007     8007        2         0

        CLASS   IDLOC          

        CLASS   EEDATA         

        CLASS   BANK31         

        CLASS   BANK30         

        CLASS   BANK29         

        CLASS   BANK28         

        CLASS   BANK27         

        CLASS   BANK26         

        CLASS   BANK25         

        CLASS   BANK24         

        CLASS   BANK23         

        CLASS   BANK22         

        CLASS   BANK21         

        CLASS   BANK20         

        CLASS   BANK19         

        CLASS   BANK18         

        CLASS   BANK17         

        CLASS   BANK16         

        CLASS   BANK15         

        CLASS   BANK14         

        CLASS   BANK13         



SEGMENTS        Name                           Load    Length   Top    Selector   Space  Class     Delta

                reset_vec                      000000  000004  000004         0       0  CODE        2
                dataBANK0                      000020  00003D  00005D        20       1  BANK0       1
                cstackCOMMON                   000070  00000E  00007E        70       1  COMMON      1
                maintext                       000317  000004  00031B       62E       0  CODE        2
                text5                          00031B  000006  000321       636       0  CODE        2
                inittext                       000321  000006  000327       642       0  CODE        2
                text10                         000327  000008  00032F       64E       0  CODE        2
                text3                          00032F  00000F  00033E       65E       0  CODE        2
                text8                          00033E  000012  000350       67C       0  CODE        2
                text15                         000350  000013  000363       6A0       0  CODE        2
                text19                         000363  000014  000377       6C6       0  CODE        2
                text20                         000377  000018  00038F       6EE       0  CODE        2
                text16                         00038F  00001A  0003A9       71E       0  CODE        2
                text2                          0003A9  000020  0003C9       752       0  CODE        2
                text17                         0003C9  00002C  0003F5       792       0  CODE        2
                idataBANK0                     0003F5  000030  000425       7EA       0  CODE        2
                text18                         000425  000040  000465       84A       0  CODE        2
                text9                          000465  000044  0004A9       8CA       0  CODE        2
                text6                          0004A9  000044  0004ED       952       0  CODE        2
                text1                          0004ED  00004A  000537       9DA       0  CODE        2
                text4                          000537  000051  000588       A6E       0  CODE        2
                text7                          000588  000052  0005DA       B10       0  CODE        2
                text14                         0005DA  00006E  000648       BB4       0  CODE        2
                text12                         000648  00006E  0006B6       C90       0  CODE        2
                text13                         0006B6  000099  00074F       D6C       0  CODE        2
                text11                         00074F  000099  0007E8       E9E       0  CODE        2
                cinit                          0007E8  000018  000800       FD0       0  CODE        2
                stringtext1                    000800  000054  000854      1000       0  STRCODE     2
                config                         008007  000002  008009     1000E       0  CONFIG      2


UNUSED ADDRESS RANGES

        Name                Unused          Largest block    Delta
        BANK0            0005D-0006F              13           1
        BANK1            000A0-000EF              50           1
        BANK10           00520-0056F              50           1
        BANK11           005A0-005EF              50           1
        BANK12           00620-0064F              30           1
        BANK2            00120-0016F              50           1
        BANK3            001A0-001EF              50           1
        BANK4            00220-0026F              50           1
        BANK5            002A0-002EF              50           1
        BANK6            00320-0036F              50           1
        BANK7            003A0-003EF              50           1
        BANK8            00420-0046F              50           1
        BANK9            004A0-004EF              50           1
        BIGRAM           02000-023EF             3F0           1
        CODE             00004-00316             313           2
                         00854-03FFF             800
        CONST            00004-00316             100           2
                         00854-03FFF             100
        EEDATA           0F000-0F0FF             100           2
        ENTRY            00004-00316             100           2
                         00854-03FFF             100
        IDLOC            08000-08003               4           2
        RAM              0005D-0006F              13           1
                         000A0-000EF              50
                         00120-0016F              50
                         001A0-001EF              50
                         00220-0026F              50
                         002A0-002EF              50
                         00320-0036F              50
                         003A0-003EF              50
                         00420-0046F              50
                         004A0-004EF              50
                         00520-0056F              50
                         005A0-005EF              50
                         00620-0064F              30
        SFR0             00000-0001F              20           1
        SFR1             00080-0009F              20           1
        SFR10            00500-0051F              20           1
        SFR11            00580-0059F              20           1
        SFR12            00600-0061F              20           1
        SFR13            00680-006EF              70           1
        SFR14            00700-0076F              70           1
        SFR15            00780-007EF              70           1
        SFR16            00800-0086F              70           1
        SFR17            00880-008EF              70           1
        SFR18            00900-0096F              70           1
        SFR19            00980-009EF              70           1
        SFR2             00100-0011F              20           1
        SFR20            00A00-00A6F              70           1
        SFR21            00A80-00AEF              70           1
        SFR22            00B00-00B6F              70           1
        SFR23            00B80-00BEF              70           1
        SFR24            00C00-00C6F              70           1
        SFR25            00C80-00CEF              70           1
        SFR26            00D00-00D6F              70           1
        SFR27            00D80-00DEF              70           1
        SFR28            00E00-00E6F              70           1
        SFR29            00E80-00EEF              70           1
        SFR3             00180-0019F              20           1
        SFR30            00F00-00F6F              70           1
        SFR31            00F80-00FEF              70           1
        SFR4             00200-0021F              20           1
        SFR5             00280-0029F              20           1
        SFR6             00300-0031F              20           1
        SFR7             00380-0039F              20           1
        SFR8             00400-0041F              20           1
        SFR9             00480-0049F              20           1
        STACK            0203D-023EF             3B3           1
        STRCODE          00004-00316             313           2
                         00854-03FFF            37AC
        STRING           00004-00316             100           2
                         00854-03FFF             100

                                  Symbol Table

?___awdiv                       cstackCOMMON 00070
CCW@a                           cstackCOMMON 0007A
CCW@i                           cstackBANK0  00059
CCW@i_159                       cstackBANK0  0005B
CCW_sensor@a                    cstackCOMMON 0007A
CCW_sensor@i                    cstackBANK0  00059
CCW_sensor@i_171                cstackBANK0  0005B
CW@a                            cstackCOMMON 0007A
CW@i                            cstackBANK0  00059
CW@i_153                        cstackBANK0  0005B
CW_sensor@a                     cstackCOMMON 0007A
CW_sensor@i                     cstackBANK0  00059
CW_sensor@i_165                 cstackBANK0  0005B
Lcd_Cmd@a                       cstackCOMMON 00072
Lcd_Port@a                      cstackCOMMON 00070
Lcd_Set_Cursor@a                cstackCOMMON 00076
Lcd_Set_Cursor@b                cstackCOMMON 00073
Lcd_Set_Cursor@temp             cstackCOMMON 00079
Lcd_Set_Cursor@y                cstackCOMMON 00078
Lcd_Set_Cursor@z                cstackCOMMON 00077
Lcd_Write_Char@a                cstackCOMMON 00074
Lcd_Write_Char@temp             cstackCOMMON 00072
Lcd_Write_Char@y                cstackCOMMON 00073
Lcd_Write_String@a              cstackCOMMON 00075
Lcd_Write_String@i              cstackCOMMON 00078
_ANSELA                         (abs)        0018C
_ANSELB                         (abs)        0018D
_BORCON                         (abs)        00116
_CCW                            text14       005DA
_CCW_sensor                     text13       006B6
_CW                             text12       00648
_CW_sensor                      text11       0074F
_L_motor_ccw_MP50               dataBANK0    00020
_L_motor_ccw_NPM                dataBANK0    00040
_L_motor_cw_MP50                dataBANK0    00030
_L_motor_cw_NPM                 dataBANK0    00048
_Lcd_Clear                      text10       00327
_Lcd_Cmd                        text19       00363
_Lcd_Init                       text9        00465
_Lcd_Port                       text20       00377
_Lcd_Set_Cursor                 text18       00425
_Lcd_Write_Char                 text17       003C9
_Lcd_Write_String               text16       0038F
_OPTION_REGbits                 (abs)        00095
_OSCCON                         (abs)        00099
_OSCILLATOR_Initialize          text8        0033E
_OSCTUNE                        (abs)        00098
_PORTB                          (abs)        0000D
_RA0                            (abs)        00060
_RA1                            (abs)        00061
_RA2                            (abs)        00062
_RA5                            (abs)        00065
_RB0                            (abs)        00068
_RB1                            (abs)        00069
_RB2                            (abs)        0006A
_RB3                            (abs)        0006B
_RB4                            (abs)        0006C
_RB5                            (abs)        0006D
_RB6                            (abs)        0006E
_RB7                            (abs)        0006F
_RC4                            (abs)        00074
_RC5                            (abs)        00075
_RC6                            (abs)        00076
_RC7                            (abs)        00077
_TRISA                          (abs)        0008C
_TRISB                          (abs)        0008D
_TRISC                          (abs)        0008E
__CFG_BOREN$ON                  (abs)        00000
__CFG_BORV$LO                   (abs)        00000
__CFG_CLKOUTEN$OFF              (abs)        00000
__CFG_CP$OFF                    (abs)        00000
__CFG_CPD$OFF                   (abs)        00000
__CFG_FCMEN$ON                  (abs)        00000
__CFG_FOSC$INTOSC               (abs)        00000
__CFG_IESO$ON                   (abs)        00000
__CFG_LVP$OFF                   (abs)        00000
__CFG_MCLRE$OFF                 (abs)        00000
__CFG_PLLEN$OFF                 (abs)        00000
__CFG_PWRTE$ON                  (abs)        00000
__CFG_STVREN$ON                 (abs)        00000
__CFG_VCAPEN$OFF                (abs)        00000
__CFG_WDTE$OFF                  (abs)        00000
__CFG_WRT$OFF                   (abs)        00000
__Habs1                         abs1         00000
__Hbank0                        bank0        00000
__Hbank1                        bank1        00000
__Hbank10                       bank10       00000
__Hbank11                       bank11       00000
__Hbank12                       bank12       00000
__Hbank13                       bank13       00000
__Hbank14                       bank14       00000
__Hbank15                       bank15       00000
__Hbank16                       bank16       00000
__Hbank17                       bank17       00000
__Hbank18                       bank18       00000
__Hbank19                       bank19       00000
__Hbank2                        bank2        00000
__Hbank20                       bank20       00000
__Hbank21                       bank21       00000
__Hbank22                       bank22       00000
__Hbank23                       bank23       00000
__Hbank24                       bank24       00000
__Hbank25                       bank25       00000
__Hbank26                       bank26       00000
__Hbank27                       bank27       00000
__Hbank28                       bank28       00000
__Hbank29                       bank29       00000
__Hbank3                        bank3        00000
__Hbank30                       bank30       00000
__Hbank31                       bank31       00000
__Hbank4                        bank4        00000
__Hbank5                        bank5        00000
__Hbank6                        bank6        00000
__Hbank7                        bank7        00000
__Hbank8                        bank8        00000
__Hbank9                        bank9        00000
__Hbigram                       bigram       00000
__HbssBANK0                     bssBANK0     00000
__HbssCOMMON                    bssCOMMON    00000
__Hcinit                        cinit        00800
__Hclrtext                      clrtext      00000
__Hcode                         code         00000
__Hcommon                       common       00000
__Hconfig                       config       08009
__HcstackBANK0                  cstackBANK0  00000
__HcstackCOMMON                 cstackCOMMON 00000
__HdataBANK0                    dataBANK0    00000
__Heeprom_data                  eeprom_data  00000
__Hend_init                     end_init     00004
__Hfunctab                      functab      00000
__HidataBANK0                   idataBANK0   00000
__Hidloc                        idloc        00000
__Hinit                         init         00002
__Hinittext                     inittext     00000
__Hintentry                     intentry     00002
__Hmaintext                     maintext     00000
__Hpowerup                      powerup      00000
__Hram                          ram          00000
__Hreset_vec                    reset_vec    00002
__Hsfr0                         sfr0         00000
__Hsfr1                         sfr1         00000
__Hsfr10                        sfr10        00000
__Hsfr11                        sfr11        00000
__Hsfr12                        sfr12        00000
__Hsfr13                        sfr13        00000
__Hsfr14                        sfr14        00000
__Hsfr15                        sfr15        00000
__Hsfr16                        sfr16        00000
__Hsfr17                        sfr17        00000
__Hsfr18                        sfr18        00000
__Hsfr19                        sfr19        00000
__Hsfr2                         sfr2         00000
__Hsfr20                        sfr20        00000
__Hsfr21                        sfr21        00000
__Hsfr22                        sfr22        00000
__Hsfr23                        sfr23        00000
__Hsfr24                        sfr24        00000
__Hsfr25                        sfr25        00000
__Hsfr26                        sfr26        00000
__Hsfr27                        sfr27        00000
__Hsfr28                        sfr28        00000
__Hsfr29                        sfr29        00000
__Hsfr3                         sfr3         00000
__Hsfr30                        sfr30        00000
__Hsfr31                        sfr31        00000
__Hsfr4                         sfr4         00000
__Hsfr5                         sfr5         00000
__Hsfr6                         sfr6         00000
__Hsfr7                         sfr7         00000
__Hsfr8                         sfr8         00000
__Hsfr9                         sfr9         00000
__Hspace_0                      (abs)        08009
__Hspace_1                      (abs)        0007E
__Hspace_2                      (abs)        00000
__Hspace_3                      (abs)        00000
__Hstack                        stack        00000
__Hstrings                      strings      00000
__Hstringtext1                  stringtext1  00000
__Hstringtext10                 stringtext10 00000
__Hstringtext11                 stringtext11 00000
__Hstringtext12                 stringtext12 00000
__Hstringtext2                  stringtext2  00000
__Hstringtext3                  stringtext3  00000
__Hstringtext4                  stringtext4  00000
__Hstringtext5                  stringtext5  00000
__Hstringtext6                  stringtext6  00000
__Hstringtext7                  stringtext7  00000
__Hstringtext8                  stringtext8  00000
__Hstringtext9                  stringtext9  00000
__Htext                         text         00000
__Labs1                         abs1         00000
__Lbank0                        bank0        00000
__Lbank1                        bank1        00000
__Lbank10                       bank10       00000
__Lbank11                       bank11       00000
__Lbank12                       bank12       00000
__Lbank13                       bank13       00000
__Lbank14                       bank14       00000
__Lbank15                       bank15       00000
__Lbank16                       bank16       00000
__Lbank17                       bank17       00000
__Lbank18                       bank18       00000
__Lbank19                       bank19       00000
__Lbank2                        bank2        00000
__Lbank20                       bank20       00000
__Lbank21                       bank21       00000
__Lbank22                       bank22       00000
__Lbank23                       bank23       00000
__Lbank24                       bank24       00000
__Lbank25                       bank25       00000
__Lbank26                       bank26       00000
__Lbank27                       bank27       00000
__Lbank28                       bank28       00000
__Lbank29                       bank29       00000
__Lbank3                        bank3        00000
__Lbank30                       bank30       00000
__Lbank31                       bank31       00000
__Lbank4                        bank4        00000
__Lbank5                        bank5        00000
__Lbank6                        bank6        00000
__Lbank7                        bank7        00000
__Lbank8                        bank8        00000
__Lbank9                        bank9        00000
__Lbigram                       bigram       00000
__LbssBANK0                     bssBANK0     00000
__LbssCOMMON                    bssCOMMON    00000
__Lcinit                        cinit        007E8
__Lclrtext                      clrtext      00000
__Lcode                         code         00000
__Lcommon                       common       00000
__Lconfig                       config       08007
__LcstackBANK0                  cstackBANK0  00000
__LcstackCOMMON                 cstackCOMMON 00000
__LdataBANK0                    dataBANK0    00000
__Leeprom_data                  eeprom_data  00000
__Lend_init                     end_init     00002
__Lfunctab                      functab      00000
__LidataBANK0                   idataBANK0   00000
__Lidloc                        idloc        00000
__Linit                         init         00002
__Linittext                     inittext     00000
__Lintentry                     intentry     00002
__Lmaintext                     maintext     00000
__Lpowerup                      powerup      00000
__Lram                          ram          00000
__Lreset_vec                    reset_vec    00000
__Lsfr0                         sfr0         00000
__Lsfr1                         sfr1         00000
__Lsfr10                        sfr10        00000
__Lsfr11                        sfr11        00000
__Lsfr12                        sfr12        00000
__Lsfr13                        sfr13        00000
__Lsfr14                        sfr14        00000
__Lsfr15                        sfr15        00000
__Lsfr16                        sfr16        00000
__Lsfr17                        sfr17        00000
__Lsfr18                        sfr18        00000
__Lsfr19                        sfr19        00000
__Lsfr2                         sfr2         00000
__Lsfr20                        sfr20        00000
__Lsfr21                        sfr21        00000
__Lsfr22                        sfr22        00000
__Lsfr23                        sfr23        00000
__Lsfr24                        sfr24        00000
__Lsfr25                        sfr25        00000
__Lsfr26                        sfr26        00000
__Lsfr27                        sfr27        00000
__Lsfr28                        sfr28        00000
__Lsfr29                        sfr29        00000
__Lsfr3                         sfr3         00000
__Lsfr30                        sfr30        00000
__Lsfr31                        sfr31        00000
__Lsfr4                         sfr4         00000
__Lsfr5                         sfr5         00000
__Lsfr6                         sfr6         00000
__Lsfr7                         sfr7         00000
__Lsfr8                         sfr8         00000
__Lsfr9                         sfr9         00000
__Lspace_0                      (abs)        00000
__Lspace_1                      (abs)        00000
__Lspace_2                      (abs)        00000
__Lspace_3                      (abs)        00000
__Lstack                        stack        00000
__Lstrings                      strings      00000
__Lstringtext1                  stringtext1  00000
__Lstringtext10                 stringtext10 00000
__Lstringtext11                 stringtext11 00000
__Lstringtext12                 stringtext12 00000
__Lstringtext2                  stringtext2  00000
__Lstringtext3                  stringtext3  00000
__Lstringtext4                  stringtext4  00000
__Lstringtext5                  stringtext5  00000
__Lstringtext6                  stringtext6  00000
__Lstringtext7                  stringtext7  00000
__Lstringtext8                  stringtext8  00000
__Lstringtext9                  stringtext9  00000
__Ltext                         text         00000
__S0                            (abs)        08009
__S1                            (abs)        0007E
__S2                            (abs)        00000
__S3                            (abs)        00000
___awdiv                        text4        00537
___awdiv@counter                cstackCOMMON 00075
___awdiv@dividend               cstackCOMMON 00072
___awdiv@divisor                cstackCOMMON 00070
___awdiv@quotient               cstackCOMMON 00077
___awdiv@sign                   cstackCOMMON 00076
___int_sp                       stack        00000
___latbits                      (abs)        00003
___sp                           stack        00000
__end_of_CCW                    text14       00648
__end_of_CCW_sensor             text13       0074F
__end_of_CW                     text12       006B6
__end_of_CW_sensor              text11       007E8
__end_of_Lcd_Clear              text10       0032F
__end_of_Lcd_Cmd                text19       00377
__end_of_Lcd_Init               text9        004A9
__end_of_Lcd_Port               text20       0038F
__end_of_Lcd_Set_Cursor         text18       00465
__end_of_Lcd_Write_Char         text17       003F5
__end_of_Lcd_Write_String       text16       003A9
__end_of_OSCILLATOR_Initialize  text8        00350
__end_of___awdiv                text4        00588
__end_of__initialization        cinit        007FD
__end_of_inputpps               text7        005DA
__end_of_main                   maintext     0031B
__end_of_motorset               text6        004ED
__end_of_offmotor               text5        00321
__end_of_pps_set                text3        0033E
__end_of_sensor                 text2        003C9
__end_of_star                   text1        00537
__end_of_wait_ms                text15       00363
__initialization                cinit        007E8
__pbssBANK0                     bssBANK0     00050
__pbssCOMMON                    bssCOMMON    0007C
__pcstackBANK0                  cstackBANK0  00058
__pcstackCOMMON                 cstackCOMMON 00070
__pdataBANK0                    dataBANK0    00020
__pidataBANK0                   idataBANK0   003F5
__pmaintext                     maintext     00317
__pstringtext1                  stringtext1  00800
__pstringtext10                 stringtext10 0084C
__pstringtext11                 stringtext11 00850
__pstringtext12                 stringtext12 00000
__pstringtext2                  stringtext2  0080B
__pstringtext3                  stringtext3  00815
__pstringtext4                  stringtext4  0081E
__pstringtext5                  stringtext5  00827
__pstringtext6                  stringtext6  00830
__pstringtext7                  stringtext7  00839
__pstringtext8                  stringtext8  00840
__pstringtext9                  stringtext9  00846
__ptext1                        text1        004ED
__ptext10                       text10       00327
__ptext11                       text11       0074F
__ptext12                       text12       00648
__ptext13                       text13       006B6
__ptext14                       text14       005DA
__ptext15                       text15       00350
__ptext16                       text16       0038F
__ptext17                       text17       003C9
__ptext18                       text18       00425
__ptext19                       text19       00363
__ptext2                        text2        003A9
__ptext20                       text20       00377
__ptext3                        text3        0032F
__ptext4                        text4        00537
__ptext5                        text5        0031B
__ptext6                        text6        004A9
__ptext7                        text7        00588
__ptext8                        text8        0033E
__ptext9                        text9        00465
__size_of_CCW                   (abs)        00000
__size_of_CCW_sensor            (abs)        00000
__size_of_CW                    (abs)        00000
__size_of_CW_sensor             (abs)        00000
__size_of_Lcd_Clear             (abs)        00000
__size_of_Lcd_Cmd               (abs)        00000
__size_of_Lcd_Init              (abs)        00000
__size_of_Lcd_Port              (abs)        00000
__size_of_Lcd_Set_Cursor        (abs)        00000
__size_of_Lcd_Write_Char        (abs)        00000
__size_of_Lcd_Write_String      (abs)        00000
__size_of_OSCILLATOR_Initialize (abs)        00000
__size_of___awdiv               (abs)        00000
__size_of_inputpps              (abs)        00000
__size_of_main                  (abs)        00000
__size_of_motorset              (abs)        00000
__size_of_offmotor              (abs)        00000
__size_of_pps_set               (abs)        00000
__size_of_sensor                (abs)        00000
__size_of_star                  (abs)        00000
__size_of_wait_ms               (abs)        00000
_inputpps                       text7        00588
_main                           maintext     00317
_motor                          bssBANK0     00056
_motorset                       text6        004A9
_offmotor                       text5        0031B
_pps                            bssCOMMON    0007C
_pps_set                        text3        0032F
_rot                            bssBANK0     00052
_sensor                         text2        003A9
_star                           text1        004ED
_wait_ms                        text15       00350
btemp                           (abs)        0007E
end_of_initialization           cinit        007FD
init_ram                        inittext     00321
intlevel0                       functab      00000
intlevel1                       functab      00000
intlevel2                       functab      00000
intlevel3                       functab      00000
intlevel4                       functab      00000
intlevel5                       functab      00000
pps_set@p                       cstackCOMMON 00079
reset_vec                       reset_vec    00000
stackhi                         (abs)        023EF
stacklo                         (abs)        0203D
start                           init         00002
start_initialization            cinit        007E8
wait_ms@t                       cstackCOMMON 00070
wtemp0                          (abs)        0007E


FUNCTION INFORMATION:

 *************** function _main *****************
 Defined at:
		line 90 in file "main.c"
 Parameters:    Size  Location     Type
		None
 Auto vars:     Size  Location     Type
		None
 Return value:  Size  Location     Type
                  1    wreg      void 
 Registers used:
		wreg, fsr0l, fsr0h, fsr1l, fsr1h, status,2, status,0, pclath, cstack
 Tracked objects:
		On entry : 
		On exit  : 
		Unchanged: 
 Data sizes:     COMMON   BANK0   BANK1   BANK2   BANK3   BANK4   BANK5   BANK6   BANK7   BANK8   BANK9  BANK10  BANK11  BANK12
      Params:         0       0       0       0       0       0       0       0       0       0       0       0       0       0
      Locals:         0       0       0       0       0       0       0       0       0       0       0       0       0       0
      Temps:          0       0       0       0       0       0       0       0       0       0       0       0       0       0
      Totals:         0       0       0       0       0       0       0       0       0       0       0       0       0       0
Total ram usage:        0 bytes
 Hardware stack levels required when called:    5
 This function calls:
		_star
 This function is called by:
		Startup code after reset
 This function uses a non-reentrant model


 *************** function _star *****************
 Defined at:
		line 468 in file "main.c"
 Parameters:    Size  Location     Type
		None
 Auto vars:     Size  Location     Type
		None
 Return value:  Size  Location     Type
                  1    wreg      void 
 Registers used:
		wreg, fsr0l, fsr0h, fsr1l, fsr1h, status,2, status,0, pclath, cstack
 Tracked objects:
		On entry : 
		On exit  : 
		Unchanged: 
 Data sizes:     COMMON   BANK0   BANK1   BANK2   BANK3   BANK4   BANK5   BANK6   BANK7   BANK8   BANK9  BANK10  BANK11  BANK12
      Params:         0       0       0       0       0       0       0       0       0       0       0       0       0       0
      Locals:         0       0       0       0       0       0       0       0       0       0       0       0       0       0
      Temps:          0       0       0       0       0       0       0       0       0       0       0       0       0       0
      Totals:         0       0       0       0       0       0       0       0       0       0       0       0       0       0
Total ram usage:        0 bytes
 Hardware stack levels used:    1
 Hardware stack levels required when called:    4
 This function calls:
		_CCW
		_CCW_sensor
		_CW
		_CW_sensor
		_Lcd_Clear
		_Lcd_Init
		_OSCILLATOR_Initialize
		_inputpps
		_motorset
		_offmotor
		_pps_set
		_sensor
 This function is called by:
		_main
 This function uses a non-reentrant model


 *************** function _sensor *****************
 Defined at:
		line 454 in file "main.c"
 Parameters:    Size  Location     Type
		None
 Auto vars:     Size  Location     Type
		None
 Return value:  Size  Location     Type
                  1    wreg      void 
 Registers used:
		wreg, fsr0l, fsr0h, status,2, status,0, pclath, cstack
 Tracked objects:
		On entry : 
		On exit  : 
		Unchanged: 
 Data sizes:     COMMON   BANK0   BANK1   BANK2   BANK3   BANK4   BANK5   BANK6   BANK7   BANK8   BANK9  BANK10  BANK11  BANK12
      Params:         0       0       0       0       0       0       0       0       0       0       0       0       0       0
      Locals:         0       0       0       0       0       0       0       0       0       0       0       0       0       0
      Temps:          0       0       0       0       0       0       0       0       0       0       0       0       0       0
      Totals:         0       0       0       0       0       0       0       0       0       0       0       0       0       0
Total ram usage:        0 bytes
 Hardware stack levels used:    1
 Hardware stack levels required when called:    3
 This function calls:
		_Lcd_Set_Cursor
		_Lcd_Write_String
 This function is called by:
		_star
 This function uses a non-reentrant model


 *************** function _pps_set *****************
 Defined at:
		line 105 in file "main.c"
 Parameters:    Size  Location     Type
  p               2    9[COMMON] int 
 Auto vars:     Size  Location     Type
		None
 Return value:  Size  Location     Type
                  1    wreg      void 
 Registers used:
		wreg, status,2, status,0, pclath, cstack
 Tracked objects:
		On entry : 
		On exit  : 
		Unchanged: 
 Data sizes:     COMMON   BANK0   BANK1   BANK2   BANK3   BANK4   BANK5   BANK6   BANK7   BANK8   BANK9  BANK10  BANK11  BANK12
      Params:         2       0       0       0       0       0       0       0       0       0       0       0       0       0
      Locals:         0       0       0       0       0       0       0       0       0       0       0       0       0       0
      Temps:          0       0       0       0       0       0       0       0       0       0       0       0       0       0
      Totals:         2       0       0       0       0       0       0       0       0       0       0       0       0       0
Total ram usage:        2 bytes
 Hardware stack levels used:    1
 Hardware stack levels required when called:    1
 This function calls:
		___awdiv
 This function is called by:
		_star
 This function uses a non-reentrant model


 *************** function ___awdiv *****************
 Defined at:
		line 6 in file "C:\Program Files (x86)\Microchip\xc8\v1.42\sources\common\awdiv.c"
 Parameters:    Size  Location     Type
  divisor         2    0[COMMON] int 
  dividend        2    2[COMMON] int 
 Auto vars:     Size  Location     Type
  quotient        2    7[COMMON] int 
  sign            1    6[COMMON] unsigned char 
  counter         1    5[COMMON] unsigned char 
 Return value:  Size  Location     Type
                  2    0[COMMON] int 
 Registers used:
		wreg, status,2, status,0
 Tracked objects:
		On entry : 
		On exit  : 
		Unchanged: 
 Data sizes:     COMMON   BANK0   BANK1   BANK2   BANK3   BANK4   BANK5   BANK6   BANK7   BANK8   BANK9  BANK10  BANK11  BANK12
      Params:         4       0       0       0       0       0       0       0       0       0       0       0       0       0
      Locals:         4       0       0       0       0       0       0       0       0       0       0       0       0       0
      Temps:          1       0       0       0       0       0       0       0       0       0       0       0       0       0
      Totals:         9       0       0       0       0       0       0       0       0       0       0       0       0       0
Total ram usage:        9 bytes
 Hardware stack levels used:    1
 This function calls:
		Nothing
 This function is called by:
		_pps_set
 This function uses a non-reentrant model


 *************** function _offmotor *****************
 Defined at:
		line 447 in file "main.c"
 Parameters:    Size  Location     Type
		None
 Auto vars:     Size  Location     Type
		None
 Return value:  Size  Location     Type
                  1    wreg      void 
 Registers used:
		None
 Tracked objects:
		On entry : 
		On exit  : 
		Unchanged: 
 Data sizes:     COMMON   BANK0   BANK1   BANK2   BANK3   BANK4   BANK5   BANK6   BANK7   BANK8   BANK9  BANK10  BANK11  BANK12
      Params:         0       0       0       0       0       0       0       0       0       0       0       0       0       0
      Locals:         0       0       0       0       0       0       0       0       0       0       0       0       0       0
      Temps:          0       0       0       0       0       0       0       0       0       0       0       0       0       0
      Totals:         0       0       0       0       0       0       0       0       0       0       0       0       0       0
Total ram usage:        0 bytes
 Hardware stack levels used:    1
 This function calls:
		Nothing
 This function is called by:
		_star
 This function uses a non-reentrant model


 *************** function _motorset *****************
 Defined at:
		line 274 in file "main.c"
 Parameters:    Size  Location     Type
		None
 Auto vars:     Size  Location     Type
		None
 Return value:  Size  Location     Type
                  1    wreg      void 
 Registers used:
		wreg, fsr0l, fsr0h, status,2, status,0, pclath, cstack
 Tracked objects:
		On entry : 
		On exit  : 
		Unchanged: 
 Data sizes:     COMMON   BANK0   BANK1   BANK2   BANK3   BANK4   BANK5   BANK6   BANK7   BANK8   BANK9  BANK10  BANK11  BANK12
      Params:         0       0       0       0       0       0       0       0       0       0       0       0       0       0
      Locals:         0       0       0       0       0       0       0       0       0       0       0       0       0       0
      Temps:          1       0       0       0       0       0       0       0       0       0       0       0       0       0
      Totals:         1       0       0       0       0       0       0       0       0       0       0       0       0       0
Total ram usage:        1 bytes
 Hardware stack levels used:    1
 Hardware stack levels required when called:    3
 This function calls:
		_Lcd_Set_Cursor
		_Lcd_Write_String
 This function is called by:
		_star
 This function uses a non-reentrant model


 *************** function _inputpps *****************
 Defined at:
		line 247 in file "main.c"
 Parameters:    Size  Location     Type
		None
 Auto vars:     Size  Location     Type
		None
 Return value:  Size  Location     Type
                  1    wreg      void 
 Registers used:
		wreg, fsr0l, fsr0h, status,2, status,0, pclath, cstack
 Tracked objects:
		On entry : 
		On exit  : 
		Unchanged: 
 Data sizes:     COMMON   BANK0   BANK1   BANK2   BANK3   BANK4   BANK5   BANK6   BANK7   BANK8   BANK9  BANK10  BANK11  BANK12
      Params:         0       0       0       0       0       0       0       0       0       0       0       0       0       0
      Locals:         0       0       0       0       0       0       0       0       0       0       0       0       0       0
      Temps:          0       0       0       0       0       0       0       0       0       0       0       0       0       0
      Totals:         0       0       0       0       0       0       0       0       0       0       0       0       0       0
Total ram usage:        0 bytes
 Hardware stack levels used:    1
 Hardware stack levels required when called:    3
 This function calls:
		_Lcd_Set_Cursor
		_Lcd_Write_String
 This function is called by:
		_star
 This function uses a non-reentrant model


 *************** function _OSCILLATOR_Initialize *****************
 Defined at:
		line 109 in file "main.c"
 Parameters:    Size  Location     Type
		None
 Auto vars:     Size  Location     Type
		None
 Return value:  Size  Location     Type
                  1    wreg      void 
 Registers used:
		wreg, status,2
 Tracked objects:
		On entry : 
		On exit  : 
		Unchanged: 
 Data sizes:     COMMON   BANK0   BANK1   BANK2   BANK3   BANK4   BANK5   BANK6   BANK7   BANK8   BANK9  BANK10  BANK11  BANK12
      Params:         0       0       0       0       0       0       0       0       0       0       0       0       0       0
      Locals:         0       0       0       0       0       0       0       0       0       0       0       0       0       0
      Temps:          0       0       0       0       0       0       0       0       0       0       0       0       0       0
      Totals:         0       0       0       0       0       0       0       0       0       0       0       0       0       0
Total ram usage:        0 bytes
 Hardware stack levels used:    1
 This function calls:
		Nothing
 This function is called by:
		_star
 This function uses a non-reentrant model


 *************** function _Lcd_Init *****************
 Defined at:
		line 194 in file "main.c"
 Parameters:    Size  Location     Type
		None
 Auto vars:     Size  Location     Type
		None
 Return value:  Size  Location     Type
                  1    wreg      void 
 Registers used:
		wreg, status,2, status,0, pclath, cstack
 Tracked objects:
		On entry : 
		On exit  : 
		Unchanged: 
 Data sizes:     COMMON   BANK0   BANK1   BANK2   BANK3   BANK4   BANK5   BANK6   BANK7   BANK8   BANK9  BANK10  BANK11  BANK12
      Params:         0       0       0       0       0       0       0       0       0       0       0       0       0       0
      Locals:         0       0       0       0       0       0       0       0       0       0       0       0       0       0
      Temps:          1       0       0       0       0       0       0       0       0       0       0       0       0       0
      Totals:         1       0       0       0       0       0       0       0       0       0       0       0       0       0
Total ram usage:        1 bytes
 Hardware stack levels used:    1
 Hardware stack levels required when called:    2
 This function calls:
		_Lcd_Cmd
		_Lcd_Port
 This function is called by:
		_star
 This function uses a non-reentrant model


 *************** function _Lcd_Clear *****************
 Defined at:
		line 167 in file "main.c"
 Parameters:    Size  Location     Type
		None
 Auto vars:     Size  Location     Type
		None
 Return value:  Size  Location     Type
                  1    wreg      void 
 Registers used:
		wreg, status,2, status,0, pclath, cstack
 Tracked objects:
		On entry : 
		On exit  : 
		Unchanged: 
 Data sizes:     COMMON   BANK0   BANK1   BANK2   BANK3   BANK4   BANK5   BANK6   BANK7   BANK8   BANK9  BANK10  BANK11  BANK12
      Params:         0       0       0       0       0       0       0       0       0       0       0       0       0       0
      Locals:         0       0       0       0       0       0       0       0       0       0       0       0       0       0
      Temps:          0       0       0       0       0       0       0       0       0       0       0       0       0       0
      Totals:         0       0       0       0       0       0       0       0       0       0       0       0       0       0
Total ram usage:        0 bytes
 Hardware stack levels used:    1
 Hardware stack levels required when called:    2
 This function calls:
		_Lcd_Cmd
 This function is called by:
		_star
 This function uses a non-reentrant model


 *************** function _CW_sensor *****************
 Defined at:
		line 364 in file "main.c"
 Parameters:    Size  Location     Type
  a               2   10[COMMON] int 
 Auto vars:     Size  Location     Type
  i               2    3[BANK0 ] int 
  i               2    1[BANK0 ] int 
 Return value:  Size  Location     Type
                  1    wreg      void 
 Registers used:
		wreg, fsr0l, fsr0h, fsr1l, fsr1h, status,2, status,0, pclath, cstack
 Tracked objects:
		On entry : 
		On exit  : 
		Unchanged: 
 Data sizes:     COMMON   BANK0   BANK1   BANK2   BANK3   BANK4   BANK5   BANK6   BANK7   BANK8   BANK9  BANK10  BANK11  BANK12
      Params:         2       0       0       0       0       0       0       0       0       0       0       0       0       0
      Locals:         0       4       0       0       0       0       0       0       0       0       0       0       0       0
      Temps:          0       1       0       0       0       0       0       0       0       0       0       0       0       0
      Totals:         2       5       0       0       0       0       0       0       0       0       0       0       0       0
Total ram usage:        7 bytes
 Hardware stack levels used:    1
 Hardware stack levels required when called:    3
 This function calls:
		_Lcd_Set_Cursor
		_Lcd_Write_String
		_wait_ms
 This function is called by:
		_star
 This function uses a non-reentrant model


 *************** function _CW *****************
 Defined at:
		line 295 in file "main.c"
 Parameters:    Size  Location     Type
  a               2   10[COMMON] int 
 Auto vars:     Size  Location     Type
  i               2    3[BANK0 ] int 
  i               2    1[BANK0 ] int 
 Return value:  Size  Location     Type
                  1    wreg      void 
 Registers used:
		wreg, fsr0l, fsr0h, fsr1l, fsr1h, status,2, status,0, pclath, cstack
 Tracked objects:
		On entry : 
		On exit  : 
		Unchanged: 
 Data sizes:     COMMON   BANK0   BANK1   BANK2   BANK3   BANK4   BANK5   BANK6   BANK7   BANK8   BANK9  BANK10  BANK11  BANK12
      Params:         2       0       0       0       0       0       0       0       0       0       0       0       0       0
      Locals:         0       4       0       0       0       0       0       0       0       0       0       0       0       0
      Temps:          0       1       0       0       0       0       0       0       0       0       0       0       0       0
      Totals:         2       5       0       0       0       0       0       0       0       0       0       0       0       0
Total ram usage:        7 bytes
 Hardware stack levels used:    1
 Hardware stack levels required when called:    3
 This function calls:
		_Lcd_Set_Cursor
		_Lcd_Write_String
		_wait_ms
 This function is called by:
		_star
 This function uses a non-reentrant model


 *************** function _CCW_sensor *****************
 Defined at:
		line 405 in file "main.c"
 Parameters:    Size  Location     Type
  a               2   10[COMMON] int 
 Auto vars:     Size  Location     Type
  i               2    3[BANK0 ] int 
  i               2    1[BANK0 ] int 
 Return value:  Size  Location     Type
                  1    wreg      void 
 Registers used:
		wreg, fsr0l, fsr0h, fsr1l, fsr1h, status,2, status,0, pclath, cstack
 Tracked objects:
		On entry : 
		On exit  : 
		Unchanged: 
 Data sizes:     COMMON   BANK0   BANK1   BANK2   BANK3   BANK4   BANK5   BANK6   BANK7   BANK8   BANK9  BANK10  BANK11  BANK12
      Params:         2       0       0       0       0       0       0       0       0       0       0       0       0       0
      Locals:         0       4       0       0       0       0       0       0       0       0       0       0       0       0
      Temps:          0       1       0       0       0       0       0       0       0       0       0       0       0       0
      Totals:         2       5       0       0       0       0       0       0       0       0       0       0       0       0
Total ram usage:        7 bytes
 Hardware stack levels used:    1
 Hardware stack levels required when called:    3
 This function calls:
		_Lcd_Set_Cursor
		_Lcd_Write_String
		_wait_ms
 This function is called by:
		_star
 This function uses a non-reentrant model


 *************** function _CCW *****************
 Defined at:
		line 330 in file "main.c"
 Parameters:    Size  Location     Type
  a               2   10[COMMON] int 
 Auto vars:     Size  Location     Type
  i               2    3[BANK0 ] int 
  i               2    1[BANK0 ] int 
 Return value:  Size  Location     Type
                  1    wreg      void 
 Registers used:
		wreg, fsr0l, fsr0h, fsr1l, fsr1h, status,2, status,0, pclath, cstack
 Tracked objects:
		On entry : 
		On exit  : 
		Unchanged: 
 Data sizes:     COMMON   BANK0   BANK1   BANK2   BANK3   BANK4   BANK5   BANK6   BANK7   BANK8   BANK9  BANK10  BANK11  BANK12
      Params:         2       0       0       0       0       0       0       0       0       0       0       0       0       0
      Locals:         0       4       0       0       0       0       0       0       0       0       0       0       0       0
      Temps:          0       1       0       0       0       0       0       0       0       0       0       0       0       0
      Totals:         2       5       0       0       0       0       0       0       0       0       0       0       0       0
Total ram usage:        7 bytes
 Hardware stack levels used:    1
 Hardware stack levels required when called:    3
 This function calls:
		_Lcd_Set_Cursor
		_Lcd_Write_String
		_wait_ms
 This function is called by:
		_star
 This function uses a non-reentrant model


 *************** function _wait_ms *****************
 Defined at:
		line 97 in file "main.c"
 Parameters:    Size  Location     Type
  t               2    0[COMMON] int 
 Auto vars:     Size  Location     Type
		None
 Return value:  Size  Location     Type
                  1    wreg      void 
 Registers used:
		wreg, status,2, status,0
 Tracked objects:
		On entry : 
		On exit  : 
		Unchanged: 
 Data sizes:     COMMON   BANK0   BANK1   BANK2   BANK3   BANK4   BANK5   BANK6   BANK7   BANK8   BANK9  BANK10  BANK11  BANK12
      Params:         2       0       0       0       0       0       0       0       0       0       0       0       0       0
      Locals:         0       0       0       0       0       0       0       0       0       0       0       0       0       0
      Temps:          1       0       0       0       0       0       0       0       0       0       0       0       0       0
      Totals:         3       0       0       0       0       0       0       0       0       0       0       0       0       0
Total ram usage:        3 bytes
 Hardware stack levels used:    1
 This function calls:
		Nothing
 This function is called by:
		_CW
		_CCW
		_CW_sensor
		_CCW_sensor
 This function uses a non-reentrant model


 *************** function _Lcd_Write_String *****************
 Defined at:
		line 229 in file "main.c"
 Parameters:    Size  Location     Type
  a               2    5[COMMON] PTR unsigned char 
		 -> STR_17(10), STR_16(11), STR_15(4), STR_14(4), 
		 -> STR_13(4), STR_12(4), STR_11(4), STR_10(4), 
		 -> STR_9(4), STR_8(4), STR_7(6), STR_6(7), 
		 -> STR_5(6), STR_4(9), STR_3(9), STR_2(9), 
		 -> STR_1(9), 
 Auto vars:     Size  Location     Type
  i               2    8[COMMON] int 
 Return value:  Size  Location     Type
                  1    wreg      void 
 Registers used:
		wreg, fsr0l, fsr0h, status,2, status,0, pclath, cstack
 Tracked objects:
		On entry : 
		On exit  : 
		Unchanged: 
 Data sizes:     COMMON   BANK0   BANK1   BANK2   BANK3   BANK4   BANK5   BANK6   BANK7   BANK8   BANK9  BANK10  BANK11  BANK12
      Params:         2       0       0       0       0       0       0       0       0       0       0       0       0       0
      Locals:         2       0       0       0       0       0       0       0       0       0       0       0       0       0
      Temps:          1       0       0       0       0       0       0       0       0       0       0       0       0       0
      Totals:         5       0       0       0       0       0       0       0       0       0       0       0       0       0
Total ram usage:        5 bytes
 Hardware stack levels used:    1
 Hardware stack levels required when called:    2
 This function calls:
		_Lcd_Write_Char
 This function is called by:
		_inputpps
		_motorset
		_CW
		_CCW
		_CW_sensor
		_CCW_sensor
		_sensor
 This function uses a non-reentrant model


 *************** function _Lcd_Write_Char *****************
 Defined at:
		line 213 in file "main.c"
 Parameters:    Size  Location     Type
  a               1    wreg     unsigned char 
 Auto vars:     Size  Location     Type
  a               1    4[COMMON] unsigned char 
  y               1    3[COMMON] unsigned char 
  temp            1    2[COMMON] unsigned char 
 Return value:  Size  Location     Type
                  1    wreg      void 
 Registers used:
		wreg, status,2, status,0, pclath, cstack
 Tracked objects:
		On entry : 
		On exit  : 
		Unchanged: 
 Data sizes:     COMMON   BANK0   BANK1   BANK2   BANK3   BANK4   BANK5   BANK6   BANK7   BANK8   BANK9  BANK10  BANK11  BANK12
      Params:         0       0       0       0       0       0       0       0       0       0       0       0       0       0
      Locals:         3       0       0       0       0       0       0       0       0       0       0       0       0       0
      Temps:          1       0       0       0       0       0       0       0       0       0       0       0       0       0
      Totals:         4       0       0       0       0       0       0       0       0       0       0       0       0       0
Total ram usage:        4 bytes
 Hardware stack levels used:    1
 Hardware stack levels required when called:    1
 This function calls:
		_Lcd_Port
 This function is called by:
		_Lcd_Write_String
 This function uses a non-reentrant model


 *************** function _Lcd_Set_Cursor *****************
 Defined at:
		line 173 in file "main.c"
 Parameters:    Size  Location     Type
  a               1    wreg     unsigned char 
  b               1    3[COMMON] unsigned char 
 Auto vars:     Size  Location     Type
  a               1    6[COMMON] unsigned char 
  temp            1    9[COMMON] unsigned char 
  y               1    8[COMMON] unsigned char 
  z               1    7[COMMON] unsigned char 
 Return value:  Size  Location     Type
                  1    wreg      void 
 Registers used:
		wreg, status,2, status,0, pclath, cstack
 Tracked objects:
		On entry : 
		On exit  : 
		Unchanged: 
 Data sizes:     COMMON   BANK0   BANK1   BANK2   BANK3   BANK4   BANK5   BANK6   BANK7   BANK8   BANK9  BANK10  BANK11  BANK12
      Params:         1       0       0       0       0       0       0       0       0       0       0       0       0       0
      Locals:         4       0       0       0       0       0       0       0       0       0       0       0       0       0
      Temps:          2       0       0       0       0       0       0       0       0       0       0       0       0       0
      Totals:         7       0       0       0       0       0       0       0       0       0       0       0       0       0
Total ram usage:        7 bytes
 Hardware stack levels used:    1
 Hardware stack levels required when called:    2
 This function calls:
		_Lcd_Cmd
 This function is called by:
		_inputpps
		_motorset
		_CW
		_CCW
		_CW_sensor
		_CCW_sensor
		_sensor
 This function uses a non-reentrant model


 *************** function _Lcd_Cmd *****************
 Defined at:
		line 158 in file "main.c"
 Parameters:    Size  Location     Type
  a               1    wreg     unsigned char 
 Auto vars:     Size  Location     Type
  a               1    2[COMMON] unsigned char 
 Return value:  Size  Location     Type
                  1    wreg      void 
 Registers used:
		wreg, status,2, status,0, pclath, cstack
 Tracked objects:
		On entry : 
		On exit  : 
		Unchanged: 
 Data sizes:     COMMON   BANK0   BANK1   BANK2   BANK3   BANK4   BANK5   BANK6   BANK7   BANK8   BANK9  BANK10  BANK11  BANK12
      Params:         0       0       0       0       0       0       0       0       0       0       0       0       0       0
      Locals:         1       0       0       0       0       0       0       0       0       0       0       0       0       0
      Temps:          1       0       0       0       0       0       0       0       0       0       0       0       0       0
      Totals:         2       0       0       0       0       0       0       0       0       0       0       0       0       0
Total ram usage:        2 bytes
 Hardware stack levels used:    1
 Hardware stack levels required when called:    1
 This function calls:
		_Lcd_Port
 This function is called by:
		_Lcd_Clear
		_Lcd_Set_Cursor
		_Lcd_Init
		_Lcd_Shift_Right
		_Lcd_Shift_Left
 This function uses a non-reentrant model


 *************** function _Lcd_Port *****************
 Defined at:
		line 136 in file "main.c"
 Parameters:    Size  Location     Type
  a               1    wreg     unsigned char 
 Auto vars:     Size  Location     Type
  a               1    0[COMMON] unsigned char 
 Return value:  Size  Location     Type
                  1    wreg      void 
 Registers used:
		wreg
 Tracked objects:
		On entry : 
		On exit  : 
		Unchanged: 
 Data sizes:     COMMON   BANK0   BANK1   BANK2   BANK3   BANK4   BANK5   BANK6   BANK7   BANK8   BANK9  BANK10  BANK11  BANK12
      Params:         0       0       0       0       0       0       0       0       0       0       0       0       0       0
      Locals:         1       0       0       0       0       0       0       0       0       0       0       0       0       0
      Temps:          0       0       0       0       0       0       0       0       0       0       0       0       0       0
      Totals:         1       0       0       0       0       0       0       0       0       0       0       0       0       0
Total ram usage:        1 bytes
 Hardware stack levels used:    1
 This function calls:
		Nothing
 This function is called by:
		_Lcd_Cmd
		_Lcd_Init
		_Lcd_Write_Char
 This function uses a non-reentrant model



MODULE INFORMATION

Module		Function		Class		Link	Load	Size
C:\Program Files (x86)\Microchip\xc8\v1.42\sources\common\awdiv.c
		___awdiv       		CODE           	0537	0000	82

C:\Program Files (x86)\Microchip\xc8\v1.42\sources\common\awdiv.c estimated size: 82

shared
		__initialization		CODE           	07E8	0000	22

shared estimated size: 22

main.c
		_Lcd_Write_String		CODE           	038F	0000	27
		_Lcd_Init      		CODE           	0465	0000	69
		_pps_set       		CODE           	032F	0000	16
		_Lcd_Write_Char		CODE           	03C9	0000	45
		_main          		CODE           	0317	0000	5
		_Lcd_Cmd       		CODE           	0363	0000	21
		_CCW_sensor    		CODE           	06B6	0000	154
		_sensor        		CODE           	03A9	0000	33
		_offmotor      		CODE           	031B	0000	7
		_Lcd_Set_Cursor		CODE           	0425	0000	65
		_Lcd_Clear     		CODE           	0327	0000	9
		_CW            		CODE           	0648	0000	111
		_OSCILLATOR_Initialize		CODE           	033E	0000	19
		_star          		CODE           	04ED	0000	75
		_motorset      		CODE           	04A9	0000	69
		_Lcd_Port      		CODE           	0377	0000	25
		_wait_ms       		CODE           	0350	0000	20
		_CW_sensor     		CODE           	074F	0000	154
		_CCW           		CODE           	05DA	0000	111
		_inputpps      		CODE           	0588	0000	83

main.c estimated size: 1118

